// Jest Snapshot v1, https://goo.gl/fbAQLP

exports[`snapshot test 1`] = `
<div>
  <withRouter(Navigation) />
  <main>
    <Route
      component={[Function]}
      exact={true}
      path="/"
    />
    <Route
      component={[Function]}
      path="/stream/:room?"
    />
    <Route
      component={[Function]}
      path="/view"
    />
  </main>
</div>
`;
